../Core/Src/stm32f1xx_hal_msp.c:63:6:HAL_MspInit	8	static
../Core/Src/stm32f1xx_hal_msp.c:90:6:HAL_ADC_MspInit	48	static
../Core/Src/stm32f1xx_hal_msp.c:162:6:HAL_ADC_MspDeInit	0	static
../Core/Src/stm32f1xx_hal_msp.c:224:6:HAL_CAN_MspInit	32	static
../Core/Src/stm32f1xx_hal_msp.c:269:6:HAL_CAN_MspDeInit	0	static
../Core/Src/stm32f1xx_hal_msp.c:307:6:HAL_TIM_Base_MspInit	16	static
../Core/Src/stm32f1xx_hal_msp.c:346:6:HAL_TIM_Base_MspDeInit	0	static
../Core/Src/stm32f1xx_hal_msp.c:385:6:HAL_PCD_MspInit	16	static
../Core/Src/stm32f1xx_hal_msp.c:411:6:HAL_PCD_MspDeInit	0	static
