../Core/Src/main.c:129:6:HAL_CAN_RxFifo0MsgPendingCallback	8
../Core/Src/main.c:160:6:HAL_TIM_PeriodElapsedCallback	6
../Core/Src/main.c:181:8:tmap_lut	1
../Core/Src/main.c:188:5:torque_lut	2
../Core/Src/main.c:206:5:main	38
../Core/Src/main.c:529:6:SystemClock_Config	4
../Core/Src/main.c:577:13:MX_ADC1_Init	3
../Core/Src/main.c:624:13:MX_ADC2_Init	3
../Core/Src/main.c:671:13:MX_ADC3_Init	3
../Core/Src/main.c:718:13:MX_CAN_Init	2
../Core/Src/main.c:755:13:MX_TIM2_Init	4
../Core/Src/main.c:800:13:MX_TIM3_Init	4
../Core/Src/main.c:845:13:MX_USB_PCD_Init	2
../Core/Src/main.c:876:13:MX_GPIO_Init	1
../Core/Src/main.c:923:6:Error_Handler	1
