../Core/Src/main.c:120:6:HAL_CAN_RxFifo0MsgPendingCallback	9
../Core/Src/main.c:146:6:HAL_TIM_PeriodElapsedCallback	3
../Core/Src/main.c:154:8:tmap_lut	1
../Core/Src/main.c:161:5:torque_lut	2
../Core/Src/main.c:179:5:main	32
../Core/Src/main.c:509:6:SystemClock_Config	4
../Core/Src/main.c:557:13:MX_ADC1_Init	3
../Core/Src/main.c:604:13:MX_ADC2_Init	3
../Core/Src/main.c:651:13:MX_ADC3_Init	3
../Core/Src/main.c:698:13:MX_CAN_Init	2
../Core/Src/main.c:735:13:MX_TIM2_Init	4
../Core/Src/main.c:780:13:MX_TIM3_Init	4
../Core/Src/main.c:825:13:MX_USB_PCD_Init	2
../Core/Src/main.c:856:13:MX_GPIO_Init	1
../Core/Src/main.c:896:6:Error_Handler	1
