../Core/Src/main-old-don't-use-plz.c:129:6:HAL_CAN_RxFifo0MsgPendingCallback	24	static
../Core/Src/main-old-don't-use-plz.c:160:6:HAL_TIM_PeriodElapsedCallback	16	static
../Core/Src/main-old-don't-use-plz.c:181:8:tmap_lut	48	static
../Core/Src/main-old-don't-use-plz.c:188:5:torque_lut	40	static
../Core/Src/main-old-don't-use-plz.c:206:5:main	264	static
../Core/Src/main-old-don't-use-plz.c:532:6:SystemClock_Config	96	static
../Core/Src/main-old-don't-use-plz.c:580:13:MX_ADC1_Init	24	static
../Core/Src/main-old-don't-use-plz.c:627:13:MX_ADC2_Init	24	static
../Core/Src/main-old-don't-use-plz.c:674:13:MX_ADC3_Init	24	static
../Core/Src/main-old-don't-use-plz.c:721:13:MX_CAN_Init	8	static
../Core/Src/main-old-don't-use-plz.c:758:13:MX_TIM2_Init	32	static
../Core/Src/main-old-don't-use-plz.c:803:13:MX_TIM3_Init	32	static
../Core/Src/main-old-don't-use-plz.c:848:13:MX_USB_PCD_Init	8	static
../Core/Src/main-old-don't-use-plz.c:879:13:MX_GPIO_Init	40	static
../Core/Src/main-old-don't-use-plz.c:926:6:Error_Handler	4	static,ignoring_inline_asm
