../Core/Src/main.c:122:6:HAL_CAN_RxFifo0MsgPendingCallback	16	static
../Core/Src/main.c:151:6:HAL_TIM_PeriodElapsedCallback	16	static
../Core/Src/main.c:159:8:tmap_lut	48	static
../Core/Src/main.c:166:5:torque_lut	40	static
../Core/Src/main.c:184:5:main	256	static
../Core/Src/main.c:521:6:SystemClock_Config	96	static
../Core/Src/main.c:569:13:MX_ADC1_Init	24	static
../Core/Src/main.c:616:13:MX_ADC2_Init	24	static
../Core/Src/main.c:663:13:MX_ADC3_Init	24	static
../Core/Src/main.c:710:13:MX_CAN_Init	8	static
../Core/Src/main.c:747:13:MX_TIM2_Init	32	static
../Core/Src/main.c:792:13:MX_TIM3_Init	32	static
../Core/Src/main.c:837:13:MX_USB_PCD_Init	8	static
../Core/Src/main.c:868:13:MX_GPIO_Init	40	static
../Core/Src/main.c:908:6:Error_Handler	4	static,ignoring_inline_asm
