2025-07-12 10:59:36,608 [INFO] Activator:176 - 


2025-07-12 10:59:36,609 [INFO] Activator:177 - !SESSION log4j initialized
2025-07-12 10:59:39,091 [ERROR] LogOutputStream:75 - [STDERR_REDIRECT] 
2025-07-12 10:59:41,352 [INFO] LogOutputStream:77 - [STDOUT_REDIRECT] 
2025-07-12 10:59:44,572 [ERROR] LogOutputStream:75 - [STDERR_REDIRECT] [Fatal Error] :2:10: DOCTYPE is disallowed when the feature "http://apache.org/xml/features/disallow-doctype-decl" set to true.
2025-07-12 10:59:44,573 [ERROR] LogOutputStream:75 - [STDERR_REDIRECT] 
2025-07-12 10:59:46,734 [INFO] ApplicationProperties:184 - Using Application install path: /Applications/STM32CubeIDE.app/Contents/Eclipse/plugins/com.st.stm32cube.common.mx_6.12.1.202409122256
2025-07-12 10:59:46,742 [INFO] DbMcusXml:78 - Set database path to: /Applications/STM32CubeIDE.app/Contents/Eclipse/plugins/com.st.stm32cube.common.mx_6.12.1.202409122256//db//mcu/
2025-07-12 10:59:46,743 [INFO] ApiDb:274 - Set plugin database path to: /Applications/STM32CubeIDE.app/Contents/Eclipse/plugins/com.st.stm32cube.common.mx_6.12.1.202409122256//db//plugins/boardmanager/
2025-07-12 10:59:46,743 [WARN] ApiDb:259 - Overriding images path with different value:  => /Applications/STM32CubeIDE.app/Contents/Eclipse/plugins/com.st.stm32cube.common.mx_6.12.1.202409122256//db//plugins/mcufinder/images/
2025-07-12 10:59:46,747 [INFO] ApiDb:250 - Set database path to: /Users/manthan/.stmcufinder/plugins/mcufinder//mcu/
2025-07-12 10:59:46,748 [INFO] DbMcusAds:125 - Set database path to: /Users/manthan/.stmcufinder/plugins/mcufinder//mcu/
2025-07-12 10:59:46,749 [INFO] CrossReferenceDbSqlite:203 - Set database path to: /Users/manthan/.stmcufinder/plugins/mcufinder//mcu/cs/
2025-07-12 10:59:46,865 [INFO] RulesReader:64 - Compatibility file has been processed (297 Rules)
2025-07-12 10:59:46,928 [INFO] DbMcusXml:78 - Set database path to: /Applications/STM32CubeIDE.app/Contents/Eclipse/plugins/com.st.stm32cube.common.mx_6.12.1.202409122256//db//mcu/
2025-07-12 10:59:46,929 [INFO] ApiDb:274 - Set plugin database path to: /Applications/STM32CubeIDE.app/Contents/Eclipse/plugins/com.st.stm32cube.common.mx_6.12.1.202409122256//db//plugins/boardmanager/
2025-07-12 10:59:46,930 [INFO] ApiDb:261 - Set plugin images path to: /Applications/STM32CubeIDE.app/Contents/Eclipse/plugins/com.st.stm32cube.common.mx_6.12.1.202409122256//db//plugins/mcufinder/images/
2025-07-12 10:59:46,932 [WARN] DbFile:41 - Overriding database path with different value: /Users/manthan/.stmcufinder/plugins/mcufinder/ => /Users/manthan/.stmcufinder/plugins/mcufinder
2025-07-12 10:59:46,932 [INFO] ApiDb:250 - Set database path to: /Users/manthan/.stmcufinder/plugins/mcufinder//mcu/
2025-07-12 10:59:46,932 [WARN] DbFile:41 - Overriding database path with different value: /Users/manthan/.stmcufinder/plugins/mcufinder/ => /Users/manthan/.stmcufinder/plugins/mcufinder
2025-07-12 10:59:46,932 [INFO] DbMcusAds:125 - Set database path to: /Users/manthan/.stmcufinder/plugins/mcufinder//mcu/
2025-07-12 10:59:46,932 [WARN] DbFile:41 - Overriding database path with different value: /Users/manthan/.stmcufinder/plugins/mcufinder/ => /Users/manthan/.stmcufinder/plugins/mcufinder
2025-07-12 10:59:46,932 [WARN] DbFile:41 - Overriding database path with different value: /Users/manthan/.stmcufinder/plugins/mcufinder/ => /Users/manthan/.stmcufinder/plugins/mcufinder
2025-07-12 10:59:46,933 [INFO] CrossReferenceDbSqlite:203 - Set database path to: /Users/manthan/.stmcufinder/plugins/mcufinder//mcu/cs/
2025-07-12 10:59:47,058 [INFO] MainPanel:268 - HeapMemory: 324009984
2025-07-12 10:59:47,425 [INFO] DbMcusXml:78 - Set database path to: /Applications/STM32CubeIDE.app/Contents/Eclipse/plugins/com.st.stm32cube.common.mx_6.12.1.202409122256//db//mcu/
2025-07-12 10:59:47,425 [INFO] ApiDb:274 - Set plugin database path to: /Applications/STM32CubeIDE.app/Contents/Eclipse/plugins/com.st.stm32cube.common.mx_6.12.1.202409122256//db//plugins/boardmanager/
2025-07-12 10:59:47,426 [INFO] ApiDb:261 - Set plugin images path to: /Applications/STM32CubeIDE.app/Contents/Eclipse/plugins/com.st.stm32cube.common.mx_6.12.1.202409122256//db//plugins/mcufinder/images/
2025-07-12 10:59:47,426 [WARN] DbFile:41 - Overriding database path with different value: /Users/manthan/.stmcufinder/plugins/mcufinder/ => /Users/manthan/.stmcufinder/plugins/mcufinder
2025-07-12 10:59:47,427 [INFO] ApiDb:250 - Set database path to: /Users/manthan/.stmcufinder/plugins/mcufinder//mcu/
2025-07-12 10:59:47,427 [WARN] DbFile:41 - Overriding database path with different value: /Users/manthan/.stmcufinder/plugins/mcufinder/ => /Users/manthan/.stmcufinder/plugins/mcufinder
2025-07-12 10:59:47,427 [INFO] DbMcusAds:125 - Set database path to: /Users/manthan/.stmcufinder/plugins/mcufinder//mcu/
2025-07-12 10:59:47,427 [WARN] DbFile:41 - Overriding database path with different value: /Users/manthan/.stmcufinder/plugins/mcufinder/ => /Users/manthan/.stmcufinder/plugins/mcufinder
2025-07-12 10:59:47,427 [WARN] DbFile:41 - Overriding database path with different value: /Users/manthan/.stmcufinder/plugins/mcufinder/ => /Users/manthan/.stmcufinder/plugins/mcufinder
2025-07-12 10:59:47,427 [INFO] CrossReferenceDbSqlite:203 - Set database path to: /Users/manthan/.stmcufinder/plugins/mcufinder//mcu/cs/
2025-07-12 10:59:47,441 [INFO] ApplicationProperties:184 - Using Application install path: /Applications/STM32CubeIDE.app/Contents/Eclipse/plugins/com.st.stm32cube.common.mx_6.12.1.202409122256
2025-07-12 10:59:47,442 [INFO] PluginManage:196 - Search for loadable plugins [exclusion list=, ]
2025-07-12 10:59:47,445 [INFO] PluginManage:310 - Check plugin analytics
2025-07-12 10:59:47,686 [INFO] AnalyticsPlugin:253 - Accepted Software Licenses: 
2025-07-12 10:59:47,687 [INFO] AnalyticsPlugin:255 - Accepted CMSIS Pack Licenses: 
2025-07-12 10:59:47,687 [INFO] AnalyticsPlugin:257 - Accepted Firmware Licenses: 
2025-07-12 10:59:47,705 [INFO] PluginManage:359 - Loaded plugin analytics (category:tool,tabindex:-1)
2025-07-12 10:59:47,707 [INFO] PluginManage:310 - Check plugin cadmodel
2025-07-12 10:59:47,721 [INFO] CADModel:105 - Init CAD model plugin
2025-07-12 10:59:47,721 [INFO] PluginManage:359 - Loaded plugin cadmodel (category:power,tabindex:5)
2025-07-12 10:59:47,721 [INFO] PluginManage:310 - Check plugin clock
2025-07-12 10:59:47,728 [INFO] PluginManage:359 - Loaded plugin clock (category:base,tabindex:2)
2025-07-12 10:59:47,728 [INFO] PluginManage:310 - Check plugin ddr
2025-07-12 10:59:47,729 [INFO] PluginManage:359 - Loaded plugin ddr (category:tool,tabindex:6)
2025-07-12 10:59:47,729 [INFO] PluginManage:310 - Check plugin filemanager
2025-07-12 10:59:47,857 [INFO] PluginManage:359 - Loaded plugin filemanager (category:base,tabindex:10)
2025-07-12 10:59:47,857 [INFO] PluginManage:310 - Check plugin ipmanager
2025-07-12 10:59:47,863 [INFO] PluginManage:359 - Loaded plugin ipmanager (category:base,tabindex:5)
2025-07-12 10:59:47,864 [INFO] PluginManage:310 - Check plugin lpbam
2025-07-12 10:59:47,885 [INFO] PluginManage:359 - Loaded plugin lpbam (category:base,tabindex:0)
2025-07-12 10:59:47,885 [INFO] PluginManage:310 - Check plugin memorymap
2025-07-12 10:59:47,958 [INFO] PluginManage:359 - Loaded plugin memorymap (category:base,tabindex:4)
2025-07-12 10:59:47,959 [INFO] PluginManage:310 - Check plugin pinoutandconfiguration
2025-07-12 10:59:47,965 [INFO] PluginManage:359 - Loaded plugin pinoutandconfiguration (category:base,tabindex:1)
2025-07-12 10:59:47,966 [INFO] PluginManage:310 - Check plugin pinoutconfig
2025-07-12 10:59:48,053 [WARN] SupportedApi:132 - Cannot load RTOS API schema: s4s-elt-must-match.1: The content of 'definitions' must match (annotation?, (simpleType | complexType)?, (unique | key | keyref)*)). A problem was found starting at: attribute.
2025-07-12 10:59:48,194 [INFO] PluginManage:359 - Loaded plugin pinoutconfig (category:base,tabindex:0)
2025-07-12 10:59:48,194 [INFO] PluginManage:310 - Check plugin power
2025-07-12 10:59:48,200 [INFO] PluginManage:359 - Loaded plugin power (category:power,tabindex:4)
2025-07-12 10:59:48,200 [INFO] PluginManage:310 - Check plugin projectmanager
2025-07-12 10:59:48,229 [INFO] PluginManage:359 - Loaded plugin projectmanager (category:projectmanager,tabindex:4)
2025-07-12 10:59:48,229 [INFO] PluginManage:310 - Check plugin rif
2025-07-12 10:59:48,234 [INFO] PluginManage:359 - Loaded plugin rif (category:base,tabindex:3)
2025-07-12 10:59:48,234 [INFO] PluginManage:310 - Check plugin thirdparty
2025-07-12 10:59:48,374 [INFO] PluginManage:359 - Loaded plugin thirdparty (category:base,tabindex:-1)
2025-07-12 10:59:48,374 [INFO] PluginManage:310 - Check plugin tools
2025-07-12 10:59:48,374 [WARN] IntegrityCheckThread:84 - waiting for thirdparty lock release [integrity check]
2025-07-12 10:59:48,375 [INFO] IntegrityCheckThread:86 - entering critical section [integrity check]
2025-07-12 10:59:48,377 [INFO] ThirdPartyUpdaterWithRetryManager:70 - Updater plugin not ready yet. [1/15]
2025-07-12 10:59:48,378 [INFO] PluginManage:359 - Loaded plugin tools (category:base,tabindex:7)
2025-07-12 10:59:48,378 [INFO] PluginManage:310 - Check plugin tutovideos
2025-07-12 10:59:48,496 [INFO] PluginManage:359 - Loaded plugin tutovideos (category:base,tabindex:-1)
2025-07-12 10:59:48,497 [INFO] PluginManage:310 - Check plugin updater
2025-07-12 10:59:48,527 [INFO] PluginManage:359 - Loaded plugin updater (category:base,tabindex:12)
2025-07-12 10:59:48,527 [INFO] PluginManage:310 - Check plugin userauth
2025-07-12 10:59:48,530 [INFO] UserAuth:113 - Init User Auth plugin
2025-07-12 10:59:48,530 [INFO] PluginManage:359 - Loaded plugin userauth (category:base,tabindex:14)
2025-07-12 10:59:48,531 [INFO] PluginManage:283 - PluginManage : Loaded plugins [18]
2025-07-12 10:59:48,765 [INFO] PinOutPanel:1561 - setPackage(No Configuration,No Configuration)
2025-07-12 10:59:48,831 [INFO] CADModel:165 - CPN selected for project level
2025-07-12 10:59:48,831 [INFO] CADModel:114 - Register for checkConnection events
2025-07-12 10:59:48,838 [INFO] IPUIPlugin:80 - create IPUIPlugin
2025-07-12 10:59:48,838 [INFO] PluginManager:220 - loadIPPluginJar : add mdma
2025-07-12 10:59:48,842 [INFO] IPUIPlugin:80 - create IPUIPlugin
2025-07-12 10:59:48,842 [INFO] PluginManager:220 - loadIPPluginJar : add freertos
2025-07-12 10:59:48,845 [INFO] IPUIPlugin:80 - create IPUIPlugin
2025-07-12 10:59:48,846 [INFO] PluginManager:220 - loadIPPluginJar : add gic
2025-07-12 10:59:48,850 [INFO] IPUIPlugin:80 - create IPUIPlugin
2025-07-12 10:59:48,851 [INFO] PluginManager:220 - loadIPPluginJar : add adc
2025-07-12 10:59:48,852 [INFO] IPUIPlugin:80 - create IPUIPlugin
2025-07-12 10:59:48,852 [INFO] PluginManager:220 - loadIPPluginJar : add gtzc
2025-07-12 10:59:48,853 [INFO] IPUIPlugin:80 - create IPUIPlugin
2025-07-12 10:59:48,853 [INFO] PluginManager:220 - loadIPPluginJar : add quadspi
2025-07-12 10:59:48,854 [INFO] IPUIPlugin:80 - create IPUIPlugin
2025-07-12 10:59:48,854 [INFO] PluginManager:220 - loadIPPluginJar : add aes
2025-07-12 10:59:48,855 [INFO] IPUIPlugin:80 - create IPUIPlugin
2025-07-12 10:59:48,855 [INFO] PluginManager:220 - loadIPPluginJar : add pdm2pcm
2025-07-12 10:59:48,856 [INFO] IPUIPlugin:80 - create IPUIPlugin
2025-07-12 10:59:48,856 [INFO] PluginManager:220 - loadIPPluginJar : add hash
2025-07-12 10:59:48,857 [INFO] IPUIPlugin:80 - create IPUIPlugin
2025-07-12 10:59:48,857 [INFO] PluginManager:220 - loadIPPluginJar : add tim
2025-07-12 10:59:48,858 [INFO] IPUIPlugin:80 - create IPUIPlugin
2025-07-12 10:59:48,858 [INFO] PluginManager:220 - loadIPPluginJar : add tsc
2025-07-12 10:59:48,859 [INFO] IPUIPlugin:80 - create IPUIPlugin
2025-07-12 10:59:48,859 [INFO] PluginManager:220 - loadIPPluginJar : add extmemmanager
2025-07-12 10:59:48,860 [INFO] IPUIPlugin:80 - create IPUIPlugin
2025-07-12 10:59:48,860 [INFO] PluginManager:220 - loadIPPluginJar : add ts
2025-07-12 10:59:48,861 [INFO] IPUIPlugin:80 - create IPUIPlugin
2025-07-12 10:59:48,861 [INFO] PluginManager:220 - loadIPPluginJar : add radio
2025-07-12 10:59:48,862 [INFO] IPUIPlugin:80 - create IPUIPlugin
2025-07-12 10:59:48,862 [INFO] PluginManager:220 - loadIPPluginJar : add can
2025-07-12 10:59:48,863 [INFO] IPUIPlugin:80 - create IPUIPlugin
2025-07-12 10:59:48,863 [INFO] PluginManager:220 - loadIPPluginJar : add dma3
2025-07-12 10:59:48,864 [INFO] IPUIPlugin:80 - create IPUIPlugin
2025-07-12 10:59:48,864 [INFO] PluginManager:220 - loadIPPluginJar : add dfsdm
2025-07-12 10:59:48,865 [INFO] IPUIPlugin:80 - create IPUIPlugin
2025-07-12 10:59:48,865 [INFO] PluginManager:220 - loadIPPluginJar : add spi
2025-07-12 10:59:48,866 [INFO] IPUIPlugin:80 - create IPUIPlugin
2025-07-12 10:59:48,866 [INFO] PluginManager:220 - loadIPPluginJar : add gfxmmu
2025-07-12 10:59:48,867 [INFO] IPUIPlugin:80 - create IPUIPlugin
2025-07-12 10:59:48,868 [INFO] PluginManager:220 - loadIPPluginJar : add genericplugin
2025-07-12 10:59:48,868 [INFO] IPUIPlugin:80 - create IPUIPlugin
2025-07-12 10:59:48,869 [INFO] PluginManager:220 - loadIPPluginJar : add cryp
2025-07-12 10:59:48,870 [INFO] IPUIPlugin:80 - create IPUIPlugin
2025-07-12 10:59:48,870 [INFO] PluginManager:220 - loadIPPluginJar : add gpio
2025-07-12 10:59:48,871 [INFO] IPUIPlugin:80 - create IPUIPlugin
2025-07-12 10:59:48,872 [INFO] PluginManager:220 - loadIPPluginJar : add ddr_ctrl_phy
2025-07-12 10:59:48,872 [INFO] IPUIPlugin:80 - create IPUIPlugin
2025-07-12 10:59:48,872 [INFO] PluginManager:220 - loadIPPluginJar : add comp
2025-07-12 10:59:48,873 [INFO] IPUIPlugin:80 - create IPUIPlugin
2025-07-12 10:59:48,873 [INFO] PluginManager:220 - loadIPPluginJar : add tracer_emb
2025-07-12 10:59:48,875 [INFO] IPUIPlugin:80 - create IPUIPlugin
2025-07-12 10:59:48,875 [INFO] PluginManager:220 - loadIPPluginJar : add openamp
2025-07-12 10:59:48,877 [INFO] IPUIPlugin:80 - create IPUIPlugin
2025-07-12 10:59:48,877 [INFO] PluginManager:220 - loadIPPluginJar : add stm32_wpan
2025-07-12 10:59:48,880 [INFO] IPUIPlugin:80 - create IPUIPlugin
2025-07-12 10:59:48,883 [INFO] PluginManager:220 - loadIPPluginJar : add plateformsettings
2025-07-12 10:59:48,885 [INFO] IPUIPlugin:80 - create IPUIPlugin
2025-07-12 10:59:48,885 [INFO] PluginManager:220 - loadIPPluginJar : add ipddr
2025-07-12 10:59:48,887 [INFO] IPUIPlugin:80 - create IPUIPlugin
2025-07-12 10:59:48,887 [INFO] PluginManager:220 - loadIPPluginJar : add usart
2025-07-12 10:59:48,887 [INFO] IPUIPlugin:80 - create IPUIPlugin
2025-07-12 10:59:48,887 [INFO] PluginManager:220 - loadIPPluginJar : add ltdc
2025-07-12 10:59:48,889 [INFO] IPUIPlugin:80 - create IPUIPlugin
2025-07-12 10:59:48,889 [INFO] PluginManager:220 - loadIPPluginJar : add nvic
2025-07-12 10:59:48,890 [INFO] IPUIPlugin:80 - create IPUIPlugin
2025-07-12 10:59:48,890 [INFO] PluginManager:220 - loadIPPluginJar : add fatfs
2025-07-12 10:59:48,894 [INFO] IPUIPlugin:80 - create IPUIPlugin
2025-07-12 10:59:48,894 [INFO] PluginManager:220 - loadIPPluginJar : add linkedlist
2025-07-12 10:59:48,897 [INFO] IPUIPlugin:80 - create IPUIPlugin
2025-07-12 10:59:48,897 [INFO] PluginManager:220 - loadIPPluginJar : add dma
2025-07-12 10:59:48,899 [INFO] IPUIPlugin:80 - create IPUIPlugin
2025-07-12 10:59:48,899 [INFO] PluginManager:220 - loadIPPluginJar : add fmc
2025-07-12 10:59:48,901 [INFO] IPUIPlugin:80 - create IPUIPlugin
2025-07-12 10:59:48,901 [INFO] PluginManager:220 - loadIPPluginJar : add i2s
2025-07-12 10:59:48,901 [INFO] IPUIPlugin:80 - create IPUIPlugin
2025-07-12 10:59:48,902 [INFO] PluginManager:220 - loadIPPluginJar : add ucpd
2025-07-12 10:59:48,903 [INFO] IPUIPlugin:80 - create IPUIPlugin
2025-07-12 10:59:48,903 [INFO] PluginManager:220 - loadIPPluginJar : add lorawan
2025-07-12 10:59:48,904 [INFO] IPUIPlugin:80 - create IPUIPlugin
2025-07-12 10:59:48,904 [INFO] PluginManager:220 - loadIPPluginJar : add opamp
2025-07-12 10:59:48,905 [INFO] IPUIPlugin:80 - create IPUIPlugin
2025-07-12 10:59:48,905 [INFO] PluginManager:220 - loadIPPluginJar : add i3c
2025-07-12 10:59:48,906 [INFO] IPUIPlugin:80 - create IPUIPlugin
2025-07-12 10:59:48,907 [INFO] PluginManager:220 - loadIPPluginJar : add touchsensing
2025-07-12 10:59:48,909 [INFO] IPUIPlugin:80 - create IPUIPlugin
2025-07-12 10:59:48,909 [INFO] PluginManager:220 - loadIPPluginJar : add i2c
2025-07-12 10:59:48,911 [INFO] IPUIPlugin:80 - create IPUIPlugin
2025-07-12 10:59:48,911 [INFO] PluginManager:220 - loadIPPluginJar : add resmgrutility
2025-07-12 10:59:48,912 [INFO] IPUIPlugin:80 - create IPUIPlugin
2025-07-12 10:59:48,912 [INFO] PluginManager:220 - loadIPPluginJar : add sai
2025-07-12 10:59:48,913 [INFO] IPUIPlugin:80 - create IPUIPlugin
2025-07-12 10:59:48,914 [INFO] PluginManager:220 - loadIPPluginJar : add usbx
2025-07-12 10:59:49,037 [INFO] CADModel:165 - CPN selected for project level
2025-07-12 10:59:49,037 [INFO] CADModel:114 - Register for checkConnection events
2025-07-12 10:59:49,039 [FATAL] Updater:334 - Updater called before beeing initialized
2025-07-12 10:59:49,040 [ERROR] CADModel:125 - Updater not yet initialized, retry later 
2025-07-12 10:59:49,246 [INFO] CADModel:165 - CPN selected for project level
2025-07-12 10:59:49,247 [INFO] CADModel:114 - Register for checkConnection events
2025-07-12 10:59:49,247 [FATAL] Updater:334 - Updater called before beeing initialized
2025-07-12 10:59:49,247 [ERROR] CADModel:125 - Updater not yet initialized, retry later 
2025-07-12 10:59:49,249 [FATAL] Updater:334 - Updater called before beeing initialized
2025-07-12 10:59:49,370 [FATAL] Updater:334 - Updater called before beeing initialized
2025-07-12 10:59:49,374 [INFO] DbMcusAds:53 - JSON generation date=Thu Sep 30 02:55:09 EDT 2021 (1632984909247)
2025-07-12 10:59:49,374 [FATAL] Updater:334 - Updater called before beeing initialized
2025-07-12 10:59:49,689 [WARN] DetailPanel:346 - Failed to get advertising image, set to default
2025-07-12 10:59:49,744 [FATAL] Updater:334 - Updater called before beeing initialized
2025-07-12 10:59:49,746 [FATAL] Updater:334 - Updater called before beeing initialized
2025-07-12 10:59:49,746 [FATAL] Updater:334 - Updater called before beeing initialized
2025-07-12 10:59:49,746 [WARN] DetailPanel:346 - Failed to get advertising image, set to default
2025-07-12 10:59:49,747 [FATAL] Updater:334 - Updater called before beeing initialized
2025-07-12 10:59:49,821 [ERROR] Updater:1164 - MainUpdater not yet initialized. External WinMGr cannot be set.
2025-07-12 10:59:49,829 [INFO] Updater:1100 - Updater Version found : 6.12.1
2025-07-12 10:59:49,841 [INFO] ApplicationProperties:184 - Using Application install path: /Applications/STM32CubeIDE.app/Contents/Eclipse/plugins/com.st.stm32cube.common.mx_6.12.1.202409122256
2025-07-12 10:59:50,171 [INFO] MainUpdater:2873 - connection check result : 10
2025-07-12 10:59:50,171 [INFO] MainUpdater:3567 - Updater definition file requires update
2025-07-12 10:59:50,171 [INFO] MainUpdater:290 - Updater Check For Update Now.
2025-07-12 10:59:50,171 [INFO] MicroXplorer:498 - Change Database Version : DB.6.0.121
2025-07-12 10:59:50,176 [INFO] McuFinderGlobals:63 - Set McuFinder mode to 2 (CubeIDE integrated)
2025-07-12 10:59:50,176 [INFO] UserAuth:179 - activating auth plugin
2025-07-12 10:59:50,185 [INFO] UserAuth:417 - Internet connection configuration mode: 1
2025-07-12 10:59:50,196 [INFO] JxBrowserEngine:152 - Initiate JxBrowser Engine with user profile folder
2025-07-12 10:59:50,288 [INFO] ServerAccessManage:473 - Download File updaters.zip
2025-07-12 10:59:50,497 [INFO] FileExtend:240 - Unzip File : updaters.zip
2025-07-12 10:59:50,499 [INFO] FileExtend:255 - Standard Zip Deflate
2025-07-12 10:59:50,830 [INFO] ServerAccessManage:473 - Download File PacksControlFlags.xml
2025-07-12 10:59:51,026 [INFO] ServerAccessManage:473 - Download File cubemx.pidx
2025-07-12 10:59:51,382 [WARN] MainUpdater:1194 - Updater busy. Cannot search thirdparties
2025-07-12 10:59:51,385 [INFO] ThirdPartyUpdaterWithRetryManager:96 - Updater plugin is busy. [1/15]
2025-07-12 10:59:51,917 [INFO] ServerAccessManage:473 - Download File STMicroelectronics.FP-SNS-STAIOTCFT.pdsc
2025-07-12 10:59:52,754 [INFO] ServerAccessManage:473 - Download File STMicroelectronics.X-CUBE-AI.pdsc
2025-07-12 10:59:54,391 [WARN] MainUpdater:1194 - Updater busy. Cannot search thirdparties
2025-07-12 10:59:54,391 [INFO] ThirdPartyUpdaterWithRetryManager:96 - Updater plugin is busy. [2/15]
2025-07-12 10:59:57,396 [WARN] MainUpdater:1194 - Updater busy. Cannot search thirdparties
2025-07-12 10:59:57,397 [INFO] ThirdPartyUpdaterWithRetryManager:96 - Updater plugin is busy. [3/15]
2025-07-12 11:00:00,403 [WARN] MainUpdater:1194 - Updater busy. Cannot search thirdparties
2025-07-12 11:00:00,403 [INFO] ThirdPartyUpdaterWithRetryManager:96 - Updater plugin is busy. [4/15]
2025-07-12 11:00:00,882 [INFO] ServerAccessManage:473 - Download File STMicroelectronics.X-CUBE-EEPRMA1.pdsc
2025-07-12 11:00:02,112 [ERROR] ServerAccessManage:1089 - Problem, file not found on Server
2025-07-12 11:00:03,406 [WARN] MainUpdater:1194 - Updater busy. Cannot search thirdparties
2025-07-12 11:00:03,407 [INFO] ThirdPartyUpdaterWithRetryManager:96 - Updater plugin is busy. [5/15]
2025-07-12 11:00:03,818 [ERROR] ServerAccessManage:1089 - Problem, file not found on Server
2025-07-12 11:00:06,169 [INFO] ServerAccessManage:473 - Download File STMicroelectronics.X-CUBE-FREERTOS.pdsc
2025-07-12 11:00:06,413 [WARN] MainUpdater:1194 - Updater busy. Cannot search thirdparties
2025-07-12 11:00:06,413 [INFO] ThirdPartyUpdaterWithRetryManager:96 - Updater plugin is busy. [6/15]
2025-07-12 11:00:08,955 [INFO] ServerAccessManage:473 - Download File STMicroelectronics.X-CUBE-MEMS1.pdsc
2025-07-12 11:00:09,418 [WARN] MainUpdater:1194 - Updater busy. Cannot search thirdparties
2025-07-12 11:00:09,419 [INFO] ThirdPartyUpdaterWithRetryManager:96 - Updater plugin is busy. [7/15]
2025-07-12 11:00:12,424 [WARN] MainUpdater:1194 - Updater busy. Cannot search thirdparties
2025-07-12 11:00:12,425 [INFO] ThirdPartyUpdaterWithRetryManager:96 - Updater plugin is busy. [8/15]
2025-07-12 11:00:15,431 [WARN] MainUpdater:1194 - Updater busy. Cannot search thirdparties
2025-07-12 11:00:15,431 [INFO] ThirdPartyUpdaterWithRetryManager:96 - Updater plugin is busy. [9/15]
2025-07-12 11:00:18,438 [WARN] MainUpdater:1194 - Updater busy. Cannot search thirdparties
2025-07-12 11:00:18,439 [INFO] ThirdPartyUpdaterWithRetryManager:96 - Updater plugin is busy. [10/15]
2025-07-12 11:00:19,713 [INFO] WebApp:167 - Instantiating new browser for Auth
2025-07-12 11:00:20,604 [INFO] ServerAccessManage:473 - Download File STMicroelectronics.X-CUBE-NFC7.pdsc
2025-07-12 11:00:21,443 [WARN] MainUpdater:1194 - Updater busy. Cannot search thirdparties
2025-07-12 11:00:21,446 [INFO] ThirdPartyUpdaterWithRetryManager:96 - Updater plugin is busy. [11/15]
2025-07-12 11:00:21,558 [INFO] WebApp:448 - Apply proxy settings
2025-07-12 11:00:21,573 [INFO] WebApp:493 - Chromium authenticates against Manually configured proxy
2025-07-12 11:00:21,595 [INFO] WebApp:501 - Username used for proxy authentication: 
2025-07-12 11:00:21,652 [INFO] WebApp:869 - Register for checkConnection events
2025-07-12 11:00:21,653 [INFO] WebApp:448 - Apply proxy settings
2025-07-12 11:00:21,656 [INFO] WebApp:493 - Chromium authenticates against Manually configured proxy
2025-07-12 11:00:21,657 [INFO] WebApp:501 - Username used for proxy authentication: 
2025-07-12 11:00:21,781 [INFO] WebApp:220 - Starting web application
2025-07-12 11:00:21,782 [INFO] WebApp:578 - Web application path used /Applications/STM32CubeIDE.app/Contents/Eclipse/plugins/com.st.stm32cube.common.mx_6.12.1.202409122256/db/plugins/mcufinder/reactClient1/index.html
2025-07-12 11:00:22,255 [INFO] ServerAccessManage:473 - Download File STMicroelectronics.X-CUBE-NFC12.pdsc
2025-07-12 11:00:22,353 [INFO] WebApp:186 - Connection restablished
2025-07-12 11:00:23,045 [INFO] ServerAccessManage:473 - Download File STMicroelectronics.X-CUBE-ST60.pdsc
2025-07-12 11:00:23,692 [INFO] ServerAccessManage:473 - Download File STMicroelectronics.X-CUBE-ST67W61.pdsc
2025-07-12 11:00:24,450 [WARN] MainUpdater:1194 - Updater busy. Cannot search thirdparties
2025-07-12 11:00:24,451 [INFO] ThirdPartyUpdaterWithRetryManager:96 - Updater plugin is busy. [12/15]
2025-07-12 11:00:24,668 [INFO] ServerAccessManage:473 - Download File STMicroelectronics.X-CUBE-PM33A1.pdsc
2025-07-12 11:00:25,462 [INFO] ServerAccessManage:473 - Download File STMicroelectronics.X-CUBE-TOF1.pdsc
2025-07-12 11:00:27,456 [WARN] MainUpdater:1194 - Updater busy. Cannot search thirdparties
2025-07-12 11:00:27,458 [INFO] ThirdPartyUpdaterWithRetryManager:96 - Updater plugin is busy. [13/15]
2025-07-12 11:00:29,471 [ERROR] ServerAccessManage:1089 - Problem, file not found on Server
2025-07-12 11:00:30,464 [WARN] MainUpdater:1194 - Updater busy. Cannot search thirdparties
2025-07-12 11:00:30,464 [INFO] ThirdPartyUpdaterWithRetryManager:96 - Updater plugin is busy. [14/15]
2025-07-12 11:00:30,492 [INFO] ServerAccessManage:473 - Download File STMicroelectronics.X-CUBE-AZRTOS-H7.pdsc
2025-07-12 11:00:33,469 [WARN] MainUpdater:1194 - Updater busy. Cannot search thirdparties
2025-07-12 11:00:33,470 [INFO] ThirdPartyUpdaterWithRetryManager:96 - Updater plugin is busy. [15/15]
2025-07-12 11:00:33,476 [ERROR] IntegrityCheckThread:130 - Cannot retrieve database content from updater: error -1
2025-07-12 11:00:33,478 [INFO] ThirdParty:978 - Integrity check success = false
2025-07-12 11:00:33,479 [INFO] IntegrityCheckThread:100 - exiting critical section [integrity check]
2025-07-12 11:00:33,479 [INFO] IntegrityCheckThread:103 - End integrity checks thread
2025-07-12 11:00:35,088 [INFO] ServerAccessManage:473 - Download File STMicroelectronics.X-CUBE-WB05N.pdsc
2025-07-12 11:00:35,935 [INFO] ServerAccessManage:473 - Download File Avnet-IotConnect.X-CUBE-IoTC-DA16k-PMOD.pdsc
2025-07-12 11:00:36,189 [WARN] PopulateThirdPartyThread:106 - Error when creating pack: /Users/manthan/.stm32cubemx/thirdparties/pdsc/STMicroelectronics.FP-SNS-STAIOTCFT.pdsc
2025-07-12 11:00:36,231 [WARN] PackLoader:240 - Cannot read IP mode file for STMicroelectronics.X-CUBE-AI.10.1.0
2025-07-12 11:00:36,291 [WARN] PackLoader:240 - Cannot read IP mode file for STMicroelectronics.X-CUBE-EEPRMA1.5.2.0
2025-07-12 11:00:36,347 [WARN] PackLoader:240 - Cannot read IP mode file for STMicroelectronics.X-CUBE-FREERTOS.1.3.1
2025-07-12 11:00:36,664 [WARN] PackLoader:240 - Cannot read IP mode file for STMicroelectronics.X-CUBE-MEMS1.11.3.0
2025-07-12 11:00:36,930 [WARN] PackLoader:240 - Cannot read IP mode file for STMicroelectronics.X-CUBE-NFC7.2.0.0
2025-07-12 11:00:36,966 [WARN] PackLoader:240 - Cannot read IP mode file for STMicroelectronics.X-CUBE-NFC12.1.0.0
2025-07-12 11:00:36,998 [WARN] PopulateThirdPartyThread:106 - Error when creating pack: /Users/manthan/.stm32cubemx/thirdparties/pdsc/STMicroelectronics.X-CUBE-ST60.pdsc
2025-07-12 11:00:37,003 [WARN] PopulateThirdPartyThread:106 - Error when creating pack: /Users/manthan/.stm32cubemx/thirdparties/pdsc/STMicroelectronics.X-CUBE-ST67W61.pdsc
2025-07-12 11:00:37,009 [WARN] PackLoader:240 - Cannot read IP mode file for STMicroelectronics.X-CUBE-PM33A1.1.0.0
2025-07-12 11:00:37,017 [WARN] PopulateThirdPartyThread:106 - Error when creating pack: /Users/manthan/.stm32cubemx/thirdparties/pdsc/STMicroelectronics.X-CUBE-TOF1.pdsc
2025-07-12 11:00:37,056 [WARN] PackLoader:240 - Cannot read IP mode file for STMicroelectronics.X-CUBE-AZRTOS-H7.3.4.0
2025-07-12 11:00:37,084 [WARN] PackLoader:240 - Cannot read IP mode file for STMicroelectronics.X-CUBE-WB05N.2.0.0
2025-07-12 11:00:37,124 [WARN] PopulateThirdPartyThread:106 - Error when creating pack: /Users/manthan/.stm32cubemx/thirdparties/pdsc/Avnet-IotConnect.X-CUBE-IoTC-DA16k-PMOD.pdsc
2025-07-12 11:00:37,124 [INFO] PopulateThirdPartyThread:66 - Ending populate Thread
2025-07-12 11:00:37,127 [INFO] ThirdParty:1030 - CMSIS Pack Vendor :STMicroelectronics X-CUBE-AI 10.1.0
2025-07-12 11:00:37,127 [INFO] ThirdParty:1030 - CMSIS Pack Vendor :STMicroelectronics X-CUBE-FREERTOS 1.3.1
2025-07-12 11:00:37,127 [INFO] ThirdParty:1030 - CMSIS Pack Vendor :STMicroelectronics X-CUBE-EEPRMA1 5.2.0
2025-07-12 11:00:37,127 [INFO] ThirdParty:1030 - CMSIS Pack Vendor :STMicroelectronics X-CUBE-PM33A1 1.0.0
2025-07-12 11:00:37,127 [INFO] ThirdParty:1030 - CMSIS Pack Vendor :STMicroelectronics X-CUBE-AZRTOS-H7 3.4.0
2025-07-12 11:00:37,127 [INFO] ThirdParty:1030 - CMSIS Pack Vendor :STMicroelectronics X-CUBE-NFC7 2.0.0
2025-07-12 11:00:37,127 [INFO] ThirdParty:1030 - CMSIS Pack Vendor :STMicroelectronics X-CUBE-MEMS1 11.3.0
2025-07-12 11:00:37,127 [INFO] ThirdParty:1030 - CMSIS Pack Vendor :STMicroelectronics X-CUBE-NFC12 1.0.0
2025-07-12 11:00:37,128 [INFO] ThirdParty:1030 - CMSIS Pack Vendor :STMicroelectronics X-CUBE-WB05N 2.0.0
2025-07-12 11:00:37,128 [INFO] LoadServerUpdatesThread:375 - End of LoadServerUpdate Thread
2025-07-12 11:01:38,389 [ERROR] AdobePublisher:162 - Exception while opening the connection: java.net.ConnectException: Connection refused
2025-07-12 11:01:38,391 [ERROR] AdobePublisher:162 - Exception while opening the connection: java.net.ConnectException: Connection refused
2025-07-12 11:01:38,391 [ERROR] AdobePublisher:162 - Exception while opening the connection: java.net.ConnectException: Connection refused
2025-07-12 11:01:38,391 [ERROR] AdobePublisher:162 - Exception while opening the connection: java.net.ConnectException: Connection refused
2025-07-12 11:01:38,392 [ERROR] AdobePublisher:162 - Exception while opening the connection: java.net.ConnectException: Connection refused
